Traceback (most recent call last):
  File "./train_main.py", line 56, in load_model
    model_module = importlib.import_module(model_file)
  File "/usr/lib/python3.8/importlib/__init__.py", line 127, in import_module
    return _bootstrap._gcd_import(name[level:], package, level)
  File "<frozen importlib._bootstrap>", line 1014, in _gcd_import
  File "<frozen importlib._bootstrap>", line 991, in _find_and_load
  File "<frozen importlib._bootstrap>", line 973, in _find_and_load_unlocked
ModuleNotFoundError: No module named 'model_layer9_BatchNorm_for_20'
The above exception was the direct cause of the following exception:
Traceback (most recent call last):
  File "./train_main.py", line 134, in <module>
    main(args)
  File "./train_main.py", line 100, in main
    Conv3dAutoencoder = load_model(args.model_file)
  File "./train_main.py", line 59, in load_model
    raise ImportError(f"Failed to import module {model_file}. Make sure the file exists and is in the Python path.") from e
ImportError: Failed to import module model_layer9_BatchNorm_for_20. Make sure the file exists and is in the Python path.